  оаип 4 1 2.cpp
C:\Users\sheko\OneDrive\Desktop\оаип 4 1 2\оаип 4 1 2\оаип 4 1 2.cpp(14,9): warning C4473: "printf": передано недостаточно аргументов для строки формата
C:\Users\sheko\OneDrive\Desktop\оаип 4 1 2\оаип 4 1 2\оаип 4 1 2.cpp(14,9): message : заполнители и их параметры ожидают переменное число аргументов в количестве 10, но было предоставлено 8
C:\Users\sheko\OneDrive\Desktop\оаип 4 1 2\оаип 4 1 2\оаип 4 1 2.cpp(14,9): message : отсутствующий вариативный аргумент "9" требуется для строки форматирования "%c"
C:\Users\sheko\OneDrive\Desktop\оаип 4 1 2\оаип 4 1 2\оаип 4 1 2.cpp(15,9): warning C4473: "printf": передано недостаточно аргументов для строки формата
C:\Users\sheko\OneDrive\Desktop\оаип 4 1 2\оаип 4 1 2\оаип 4 1 2.cpp(15,9): message : заполнители и их параметры ожидают переменное число аргументов в количестве 10, но было предоставлено 8
C:\Users\sheko\OneDrive\Desktop\оаип 4 1 2\оаип 4 1 2\оаип 4 1 2.cpp(15,9): message : отсутствующий вариативный аргумент "9" требуется для строки форматирования "%c"
C:\Users\sheko\OneDrive\Desktop\оаип 4 1 2\оаип 4 1 2\оаип 4 1 2.cpp(16,9): warning C4473: "printf": передано недостаточно аргументов для строки формата
C:\Users\sheko\OneDrive\Desktop\оаип 4 1 2\оаип 4 1 2\оаип 4 1 2.cpp(16,9): message : заполнители и их параметры ожидают переменное число аргументов в количестве 10, но было предоставлено 8
C:\Users\sheko\OneDrive\Desktop\оаип 4 1 2\оаип 4 1 2\оаип 4 1 2.cpp(16,9): message : отсутствующий вариативный аргумент "9" требуется для строки форматирования "%c"
C:\Users\sheko\OneDrive\Desktop\оаип 4 1 2\оаип 4 1 2\оаип 4 1 2.cpp(17,9): warning C4473: "printf": передано недостаточно аргументов для строки формата
C:\Users\sheko\OneDrive\Desktop\оаип 4 1 2\оаип 4 1 2\оаип 4 1 2.cpp(17,9): message : заполнители и их параметры ожидают переменное число аргументов в количестве 10, но было предоставлено 8
C:\Users\sheko\OneDrive\Desktop\оаип 4 1 2\оаип 4 1 2\оаип 4 1 2.cpp(17,9): message : отсутствующий вариативный аргумент "9" требуется для строки форматирования "%c"
C:\Users\sheko\OneDrive\Desktop\оаип 4 1 2\оаип 4 1 2\оаип 4 1 2.cpp(18,9): warning C4473: "printf": передано недостаточно аргументов для строки формата
C:\Users\sheko\OneDrive\Desktop\оаип 4 1 2\оаип 4 1 2\оаип 4 1 2.cpp(18,9): message : заполнители и их параметры ожидают переменное число аргументов в количестве 10, но было предоставлено 8
C:\Users\sheko\OneDrive\Desktop\оаип 4 1 2\оаип 4 1 2\оаип 4 1 2.cpp(18,9): message : отсутствующий вариативный аргумент "9" требуется для строки форматирования "%c"
C:\Users\sheko\OneDrive\Desktop\оаип 4 1 2\оаип 4 1 2\оаип 4 1 2.cpp(19,9): warning C4473: "printf": передано недостаточно аргументов для строки формата
C:\Users\sheko\OneDrive\Desktop\оаип 4 1 2\оаип 4 1 2\оаип 4 1 2.cpp(19,9): message : заполнители и их параметры ожидают переменное число аргументов в количестве 10, но было предоставлено 8
C:\Users\sheko\OneDrive\Desktop\оаип 4 1 2\оаип 4 1 2\оаип 4 1 2.cpp(19,9): message : отсутствующий вариативный аргумент "9" требуется для строки форматирования "%c"
  оаип 4 1 2.vcxproj -> C:\Users\sheko\OneDrive\Desktop\оаип 4 1 2\x64\Debug\оаип 4 1 2.exe
